// Jest Snapshot v1, https://goo.gl/fbAQLP

exports[`Pruebas en <Primera App /> Debe mostrar <PrimeraApp /> correctamente 1`] = `
<Fragment>
  <h1>
    Hola, Soy Goku
  </h1>
  <p>
    Soy un subtitulo
  </p>
</Fragment>
`;
