// Jest Snapshot v1, https://goo.gl/fbAQLP

exports[`Pruebas de <GifGridItem /> Debe de mostrar el componente correctamente 1`] = `
<div
  className="card animate__animated animate__fadeIn"
>
  <img
    alt="Titulo prueba"
    src="https://localhost.algo.jpg"
  />
  <p>
    Titulo prueba
  </p>
</div>
`;
